---
source: integration-tests/src/integration_tests.rs
expression: result
---
Command: coreutils echo foo
Exit status: exit code: 0
STDOUT:
foo

STDERR:


