---
source: integration-tests/src/integration_tests.rs
expression: result
---
Command: environ
Exit status: exit code: 0
STDOUT:
ITEST

STDERR:


