---
source: integration-tests/src/integration_tests.rs
expression: result
---
Command: replace_version
Exit status: exit code: 0
STDOUT:
0.0.1.1

STDERR:


