---
source: integration-tests/src/lib.rs
expression: result
---
Exit status: exit code: 0
STDOUT:
bat 0.16.0

STDERR:
ðŸ”§ Downloading <bat 0.16.0> (bat.zip) from <https://github.com/sharkdp/bat/releases/download/v0.16.0/bat-v0.16.0-i686-pc-windows-msvc.zip>


