---
source: integration-tests/src/integration_tests.rs
expression: result
---
Command: env
Exit status: exit code: 0
STDOUT:
BAR

STDERR:


