---
source: integration-tests/src/integration_tests.rs
expression: result
---
Command: --getBinaryPath echo
Exit status: exit code: 0
STDOUT:
<DIRECTORY>/.tool-tool/v1/tools/coreutils/0.0.1.1/coreutils.exe

STDERR:


