---
source: integration-tests/src/integration_tests.rs
expression: result
---
Command: bat --version
Exit status: exit code: 0
STDOUT:
🔧 ⏳ Downloading bat 0.16.0🔧 ✅ Downloading bat 0.16.0
bat 0.16.0

STDERR:


