---
source: integration-tests/src/lib.rs
expression: result
---
Exit status: exit code: 0
STDOUT:
bar

STDERR:


